// Jest Snapshot v1, https://goo.gl/fbAQLP

exports[`add comment section renders correctly 1`] = `
<div>
  <div
    class="ant-comment"
    data-testid="add-comment-field"
  >
    <div
      class="ant-comment-inner"
    >
      <div
        class="ant-comment-avatar"
      >
        <span
          class="ant-avatar ant-avatar-circle ant-avatar-image"
        >
          <img
            alt="React logo"
            src="/logo192.png"
          />
        </span>
      </div>
      <div
        class="ant-comment-content"
      >
        <div
          class="ant-comment-content-detail"
        >
          <div
            class="ant-row ant-form-item"
          >
            <div
              class="ant-col ant-form-item-control"
            >
              <div
                class="ant-form-item-control-input"
              >
                <div
                  class="ant-form-item-control-input-content"
                >
                  <textarea
                    aria-label="Add comment"
                    class="ant-input"
                    rows="4"
                  />
                </div>
              </div>
            </div>
          </div>
          <div
            class="ant-row ant-form-item"
          >
            <div
              class="ant-col ant-form-item-control"
            >
              <div
                class="ant-form-item-control-input"
              >
                <div
                  class="ant-form-item-control-input-content"
                >
                  <div
                    class="sc-kEjbxe efLCim"
                  >
                    <button
                      class="ant-btn ant-btn-primary"
                      disabled=""
                      style="color: white;"
                      type="submit"
                    >
                      <span>
                        Add Comment
                      </span>
                    </button>
                  </div>
                </div>
              </div>
            </div>
          </div>
        </div>
      </div>
    </div>
  </div>
</div>
`;
